[2025-09-04T12:07:30Z] session_started: event (trace: 56cd634a-3e34-4d9e-bbc4-9fc79d8f560b)
[2025-09-04T12:07:30Z] span_started: event (trace: 56cd634a-3e34-4d9e-bbc4-9fc79d8f560b)
[2025-09-04T12:07:30Z] span_started: event (trace: 56cd634a-3e34-4d9e-bbc4-9fc79d8f560b)
[2025-09-04T12:07:30Z] performance_measured: event (trace: 56cd634a-3e34-4d9e-bbc4-9fc79d8f560b)
[2025-09-04T12:07:30Z] span_ended: event (trace: 56cd634a-3e34-4d9e-bbc4-9fc79d8f560b)
[2025-09-04T12:07:30Z] span_ended: event (trace: 56cd634a-3e34-4d9e-bbc4-9fc79d8f560b)
[2025-09-04T12:07:30Z] session_ended: event (trace: 56cd634a-3e34-4d9e-bbc4-9fc79d8f560b)
[2025-09-04T12:12:01Z] session_started: event (trace: 8b70c905-a25e-42d8-bc64-21d4c6b88af8)
[2025-09-04T12:12:01Z] span_started: event (trace: 8b70c905-a25e-42d8-bc64-21d4c6b88af8)
[2025-09-04T12:12:01Z] span_started: event (trace: 8b70c905-a25e-42d8-bc64-21d4c6b88af8)
[2025-09-04T12:12:01Z] performance_measured: event (trace: 8b70c905-a25e-42d8-bc64-21d4c6b88af8)
[2025-09-04T12:12:01Z] span_ended: event (trace: 8b70c905-a25e-42d8-bc64-21d4c6b88af8)
[2025-09-04T12:12:01Z] span_ended: event (trace: 8b70c905-a25e-42d8-bc64-21d4c6b88af8)
[2025-09-04T12:12:01Z] session_ended: event (trace: 8b70c905-a25e-42d8-bc64-21d4c6b88af8)
[2025-09-04T14:54:45Z] session_started: event (trace: 68322979-00a6-4739-92a5-08589b8cda98)
[2025-09-04T14:54:45Z] span_started: event (trace: 68322979-00a6-4739-92a5-08589b8cda98)
[2025-09-04T14:54:45Z] span_started: event (trace: 68322979-00a6-4739-92a5-08589b8cda98)
[2025-09-04T14:54:45Z] performance_measured: event (trace: 68322979-00a6-4739-92a5-08589b8cda98)
[2025-09-04T14:54:45Z] span_ended: event (trace: 68322979-00a6-4739-92a5-08589b8cda98)
[2025-09-04T14:54:45Z] span_ended: event (trace: 68322979-00a6-4739-92a5-08589b8cda98)
[2025-09-04T14:54:45Z] session_ended: event (trace: 68322979-00a6-4739-92a5-08589b8cda98)
[2025-09-04T15:01:35Z] session_started: event (trace: 36efff6b-d3c3-43ec-9c03-7362dcf1a1d4)
[2025-09-04T15:01:35Z] span_started: event (trace: 36efff6b-d3c3-43ec-9c03-7362dcf1a1d4)
[2025-09-04T15:01:35Z] span_started: event (trace: 36efff6b-d3c3-43ec-9c03-7362dcf1a1d4)
[2025-09-04T15:01:39Z] session_started: event (trace: 5bafe3c8-6eb1-494d-bd8d-349a4490023e)
[2025-09-04T15:01:39Z] span_started: event (trace: 5bafe3c8-6eb1-494d-bd8d-349a4490023e)
[2025-09-04T15:01:39Z] span_started: event (trace: 5bafe3c8-6eb1-494d-bd8d-349a4490023e)
[2025-09-04T15:01:39Z] performance_measured: event (trace: 5bafe3c8-6eb1-494d-bd8d-349a4490023e)
[2025-09-04T15:01:39Z] span_ended: event (trace: 5bafe3c8-6eb1-494d-bd8d-349a4490023e)
[2025-09-04T15:01:39Z] span_ended: event (trace: 5bafe3c8-6eb1-494d-bd8d-349a4490023e)
[2025-09-04T15:01:39Z] session_ended: event (trace: 5bafe3c8-6eb1-494d-bd8d-349a4490023e)
[2025-09-04T15:01:42Z] session_started: event (trace: b688ae02-b5c6-4445-aa3a-cb706bbd8be9)
[2025-09-04T15:01:42Z] span_started: event (trace: b688ae02-b5c6-4445-aa3a-cb706bbd8be9)
[2025-09-04T15:01:42Z] span_started: event (trace: b688ae02-b5c6-4445-aa3a-cb706bbd8be9)
[2025-09-04T15:02:31Z] session_started: event (trace: c813f2d1-a1df-4de9-b544-e7cc689b094f)
[2025-09-04T15:02:31Z] span_started: event (trace: c813f2d1-a1df-4de9-b544-e7cc689b094f)
[2025-09-04T15:02:31Z] span_started: event (trace: c813f2d1-a1df-4de9-b544-e7cc689b094f)
[2025-09-04T15:02:31Z] snapshot_create_started: event (trace: c813f2d1-a1df-4de9-b544-e7cc689b094f)
[2025-09-04T15:02:52Z] snapshot_restore_completed: event (trace: 7cd9e271-18bf-4b10-bbf3-c34f48c62478)
[2025-09-04T15:02:52Z] performance_measured: event (trace: 7cd9e271-18bf-4b10-bbf3-c34f48c62478)
[2025-09-04T15:02:52Z] span_ended: event (trace: 7cd9e271-18bf-4b10-bbf3-c34f48c62478)
[2025-09-04T15:02:52Z] span_ended: event (trace: 7cd9e271-18bf-4b10-bbf3-c34f48c62478)
[2025-09-04T15:02:52Z] session_ended: event (trace: 7cd9e271-18bf-4b10-bbf3-c34f48c62478)
[2025-09-04T15:22:22Z] session_started: event (trace: 36496ba6-f39b-4b7d-9322-d219ac8be246)
[2025-09-04T15:22:22Z] span_started: event (trace: 36496ba6-f39b-4b7d-9322-d219ac8be246)
[2025-09-04T15:22:22Z] span_started: event (trace: 36496ba6-f39b-4b7d-9322-d219ac8be246)
[2025-09-04T15:22:31Z] session_started: event (trace: ae7332d6-97f6-457e-8d70-efb29a14293c)
[2025-09-04T15:22:31Z] span_started: event (trace: ae7332d6-97f6-457e-8d70-efb29a14293c)
[2025-09-04T15:22:31Z] span_started: event (trace: ae7332d6-97f6-457e-8d70-efb29a14293c)
[2025-09-04T15:22:55Z] session_started: event (trace: 6e647f9f-d7bf-4a19-8731-e84396801c3a)
[2025-09-04T15:22:55Z] span_started: event (trace: 6e647f9f-d7bf-4a19-8731-e84396801c3a)
[2025-09-04T15:22:55Z] span_started: event (trace: 6e647f9f-d7bf-4a19-8731-e84396801c3a)
[2025-09-04T15:23:01Z] session_started: event (trace: d5890ff2-fa86-488f-acf7-d39d6c89b361)
[2025-09-04T15:23:01Z] span_started: event (trace: d5890ff2-fa86-488f-acf7-d39d6c89b361)
[2025-09-04T15:23:01Z] span_started: event (trace: d5890ff2-fa86-488f-acf7-d39d6c89b361)
[2025-09-04T15:23:05Z] session_started: event (trace: 399c3be8-5a3c-4bbc-a447-583e1d059877)
[2025-09-04T15:23:05Z] span_started: event (trace: 399c3be8-5a3c-4bbc-a447-583e1d059877)
[2025-09-04T15:23:05Z] span_started: event (trace: 399c3be8-5a3c-4bbc-a447-583e1d059877)
[2025-09-04T15:23:09Z] session_started: event (trace: 460d39cf-5277-4b8c-b1ea-2c16f2c8edbb)
[2025-09-04T15:23:09Z] span_started: event (trace: 460d39cf-5277-4b8c-b1ea-2c16f2c8edbb)
[2025-09-04T15:23:10Z] span_started: event (trace: 460d39cf-5277-4b8c-b1ea-2c16f2c8edbb)
[2025-09-04T15:23:19Z] performance_measured: event (trace: 460d39cf-5277-4b8c-b1ea-2c16f2c8edbb)
[2025-09-04T15:23:19Z] span_ended: event (trace: 460d39cf-5277-4b8c-b1ea-2c16f2c8edbb)
[2025-09-04T15:23:19Z] span_ended: event (trace: 460d39cf-5277-4b8c-b1ea-2c16f2c8edbb)
[2025-09-04T15:23:19Z] session_ended: event (trace: 460d39cf-5277-4b8c-b1ea-2c16f2c8edbb)
[2025-09-04T15:23:24Z] session_started: event (trace: 5d545851-faf6-4676-aa64-beb4018c80c3)
[2025-09-04T15:23:24Z] span_started: event (trace: 5d545851-faf6-4676-aa64-beb4018c80c3)
[2025-09-04T15:23:24Z] span_started: event (trace: 5d545851-faf6-4676-aa64-beb4018c80c3)
[2025-09-04T15:27:00Z] session_started: event (trace: ed64d9ec-6eed-46bb-9e4b-7c2f10e14145)
[2025-09-04T15:27:01Z] span_started: event (trace: ed64d9ec-6eed-46bb-9e4b-7c2f10e14145)
[2025-09-04T15:27:01Z] span_started: event (trace: ed64d9ec-6eed-46bb-9e4b-7c2f10e14145)
[2025-09-04T15:27:06Z] session_started: event (trace: f9471e19-420f-444d-a6c6-cd784a2e2838)
[2025-09-04T15:27:06Z] span_started: event (trace: f9471e19-420f-444d-a6c6-cd784a2e2838)
[2025-09-04T15:27:06Z] span_started: event (trace: f9471e19-420f-444d-a6c6-cd784a2e2838)
[2025-09-04T15:27:06Z] performance_measured: event (trace: f9471e19-420f-444d-a6c6-cd784a2e2838)
[2025-09-04T15:27:06Z] span_ended: event (trace: f9471e19-420f-444d-a6c6-cd784a2e2838)
[2025-09-04T15:27:06Z] span_ended: event (trace: f9471e19-420f-444d-a6c6-cd784a2e2838)
[2025-09-04T15:27:06Z] session_ended: event (trace: f9471e19-420f-444d-a6c6-cd784a2e2838)
[2025-09-04T15:27:16Z] session_started: event (trace: 0c95e32e-6c16-4f49-84c0-fd22f7de29c0)
[2025-09-04T15:27:16Z] span_started: event (trace: 0c95e32e-6c16-4f49-84c0-fd22f7de29c0)
[2025-09-04T15:27:16Z] span_started: event (trace: 0c95e32e-6c16-4f49-84c0-fd22f7de29c0)
[2025-09-05T03:07:09Z] session_started: event (trace: 9c40e7bc-6548-49ae-aa98-a1e0fff12595)
[2025-09-05T03:07:09Z] span_started: event (trace: 9c40e7bc-6548-49ae-aa98-a1e0fff12595)
[2025-09-05T03:07:09Z] span_started: event (trace: 9c40e7bc-6548-49ae-aa98-a1e0fff12595)
[2025-09-05T03:07:09Z] performance_measured: event (trace: 9c40e7bc-6548-49ae-aa98-a1e0fff12595)
[2025-09-05T03:07:10Z] span_ended: event (trace: 9c40e7bc-6548-49ae-aa98-a1e0fff12595)
[2025-09-05T03:07:10Z] span_ended: event (trace: 9c40e7bc-6548-49ae-aa98-a1e0fff12595)
[2025-09-05T03:07:10Z] session_ended: event (trace: 9c40e7bc-6548-49ae-aa98-a1e0fff12595)
[2025-09-05T03:07:10Z] session_started: event (trace: e3cdf038-4542-4fe2-8326-abc0d4d89d28)
[2025-09-05T03:07:10Z] span_started: event (trace: e3cdf038-4542-4fe2-8326-abc0d4d89d28)
[2025-09-05T03:07:11Z] span_started: event (trace: e3cdf038-4542-4fe2-8326-abc0d4d89d28)
[2025-09-05T03:07:11Z] performance_measured: event (trace: e3cdf038-4542-4fe2-8326-abc0d4d89d28)
[2025-09-05T03:07:11Z] span_ended: event (trace: e3cdf038-4542-4fe2-8326-abc0d4d89d28)
[2025-09-05T03:07:11Z] span_ended: event (trace: e3cdf038-4542-4fe2-8326-abc0d4d89d28)
[2025-09-05T03:07:12Z] session_ended: event (trace: e3cdf038-4542-4fe2-8326-abc0d4d89d28)
[2025-09-05T03:07:12Z] session_started: event (trace: c47b7459-b1cb-4a47-8f9b-0e2583f2048f)
[2025-09-05T03:07:12Z] span_started: event (trace: c47b7459-b1cb-4a47-8f9b-0e2583f2048f)
[2025-09-05T03:07:12Z] span_started: event (trace: c47b7459-b1cb-4a47-8f9b-0e2583f2048f)
[2025-09-05T03:07:12Z] performance_measured: event (trace: c47b7459-b1cb-4a47-8f9b-0e2583f2048f)
[2025-09-05T03:07:13Z] span_ended: event (trace: c47b7459-b1cb-4a47-8f9b-0e2583f2048f)
[2025-09-05T03:07:13Z] span_ended: event (trace: c47b7459-b1cb-4a47-8f9b-0e2583f2048f)
[2025-09-05T03:07:13Z] session_ended: event (trace: c47b7459-b1cb-4a47-8f9b-0e2583f2048f)
[2025-09-05T03:07:13Z] session_started: event (trace: 96773d4c-1599-47ce-97db-a0c2ea423c4c)
[2025-09-05T03:07:13Z] span_started: event (trace: 96773d4c-1599-47ce-97db-a0c2ea423c4c)
[2025-09-05T03:07:13Z] span_started: event (trace: 96773d4c-1599-47ce-97db-a0c2ea423c4c)
[2025-09-05T03:07:13Z] performance_measured: event (trace: 96773d4c-1599-47ce-97db-a0c2ea423c4c)
[2025-09-05T03:07:14Z] span_ended: event (trace: 96773d4c-1599-47ce-97db-a0c2ea423c4c)
[2025-09-05T03:07:14Z] span_ended: event (trace: 96773d4c-1599-47ce-97db-a0c2ea423c4c)
[2025-09-05T03:07:14Z] session_ended: event (trace: 96773d4c-1599-47ce-97db-a0c2ea423c4c)
[2025-09-05T03:07:14Z] session_started: event (trace: 7c023bc7-1c4f-41a5-805b-c7670ccf695b)
[2025-09-05T03:07:14Z] span_started: event (trace: 7c023bc7-1c4f-41a5-805b-c7670ccf695b)
[2025-09-05T03:07:15Z] span_started: event (trace: 7c023bc7-1c4f-41a5-805b-c7670ccf695b)
[2025-09-05T03:07:15Z] performance_measured: event (trace: 7c023bc7-1c4f-41a5-805b-c7670ccf695b)
[2025-09-05T03:07:15Z] span_ended: event (trace: 7c023bc7-1c4f-41a5-805b-c7670ccf695b)
[2025-09-05T03:07:15Z] span_ended: event (trace: 7c023bc7-1c4f-41a5-805b-c7670ccf695b)
[2025-09-05T03:07:15Z] session_ended: event (trace: 7c023bc7-1c4f-41a5-805b-c7670ccf695b)
[2025-09-05T03:07:16Z] session_started: event (trace: 29feaff9-d695-47b4-a26d-7e06d73f08db)
[2025-09-05T03:07:16Z] span_started: event (trace: 29feaff9-d695-47b4-a26d-7e06d73f08db)
[2025-09-05T03:07:16Z] span_started: event (trace: 29feaff9-d695-47b4-a26d-7e06d73f08db)
[2025-09-05T03:07:16Z] performance_measured: event (trace: 29feaff9-d695-47b4-a26d-7e06d73f08db)
[2025-09-05T03:07:17Z] span_ended: event (trace: 29feaff9-d695-47b4-a26d-7e06d73f08db)
[2025-09-05T03:07:17Z] span_ended: event (trace: 29feaff9-d695-47b4-a26d-7e06d73f08db)
[2025-09-05T03:07:17Z] session_ended: event (trace: 29feaff9-d695-47b4-a26d-7e06d73f08db)
[2025-09-05T03:07:17Z] session_started: event (trace: f23c038f-5258-48c2-9c36-bdd61b00fb07)
[2025-09-05T03:07:17Z] span_started: event (trace: f23c038f-5258-48c2-9c36-bdd61b00fb07)
[2025-09-05T03:07:17Z] span_started: event (trace: f23c038f-5258-48c2-9c36-bdd61b00fb07)
[2025-09-05T03:07:18Z] performance_measured: event (trace: f23c038f-5258-48c2-9c36-bdd61b00fb07)
[2025-09-05T03:07:18Z] span_ended: event (trace: f23c038f-5258-48c2-9c36-bdd61b00fb07)
[2025-09-05T03:07:18Z] span_ended: event (trace: f23c038f-5258-48c2-9c36-bdd61b00fb07)
[2025-09-05T03:07:18Z] session_ended: event (trace: f23c038f-5258-48c2-9c36-bdd61b00fb07)
[2025-09-05T03:07:18Z] session_started: event (trace: a0034003-0bc9-44f8-a8bd-85a7c9d4c251)
[2025-09-05T03:07:18Z] span_started: event (trace: a0034003-0bc9-44f8-a8bd-85a7c9d4c251)
[2025-09-05T03:07:19Z] span_started: event (trace: a0034003-0bc9-44f8-a8bd-85a7c9d4c251)
[2025-09-05T03:07:19Z] performance_measured: event (trace: a0034003-0bc9-44f8-a8bd-85a7c9d4c251)
[2025-09-05T03:07:19Z] span_ended: event (trace: a0034003-0bc9-44f8-a8bd-85a7c9d4c251)
[2025-09-05T03:07:19Z] span_ended: event (trace: a0034003-0bc9-44f8-a8bd-85a7c9d4c251)
[2025-09-05T03:07:19Z] session_ended: event (trace: a0034003-0bc9-44f8-a8bd-85a7c9d4c251)
