[2025-09-04T12:07:30Z] session_started: event (trace: 56cd634a-3e34-4d9e-bbc4-9fc79d8f560b)
[2025-09-04T12:07:30Z] span_started: event (trace: 56cd634a-3e34-4d9e-bbc4-9fc79d8f560b)
[2025-09-04T12:07:30Z] span_started: event (trace: 56cd634a-3e34-4d9e-bbc4-9fc79d8f560b)
[2025-09-04T12:07:30Z] performance_measured: event (trace: 56cd634a-3e34-4d9e-bbc4-9fc79d8f560b)
[2025-09-04T12:07:30Z] span_ended: event (trace: 56cd634a-3e34-4d9e-bbc4-9fc79d8f560b)
[2025-09-04T12:07:30Z] span_ended: event (trace: 56cd634a-3e34-4d9e-bbc4-9fc79d8f560b)
[2025-09-04T12:07:30Z] session_ended: event (trace: 56cd634a-3e34-4d9e-bbc4-9fc79d8f560b)
[2025-09-04T12:12:01Z] session_started: event (trace: 8b70c905-a25e-42d8-bc64-21d4c6b88af8)
[2025-09-04T12:12:01Z] span_started: event (trace: 8b70c905-a25e-42d8-bc64-21d4c6b88af8)
[2025-09-04T12:12:01Z] span_started: event (trace: 8b70c905-a25e-42d8-bc64-21d4c6b88af8)
[2025-09-04T12:12:01Z] performance_measured: event (trace: 8b70c905-a25e-42d8-bc64-21d4c6b88af8)
[2025-09-04T12:12:01Z] span_ended: event (trace: 8b70c905-a25e-42d8-bc64-21d4c6b88af8)
[2025-09-04T12:12:01Z] span_ended: event (trace: 8b70c905-a25e-42d8-bc64-21d4c6b88af8)
[2025-09-04T12:12:01Z] session_ended: event (trace: 8b70c905-a25e-42d8-bc64-21d4c6b88af8)
[2025-09-04T14:54:45Z] session_started: event (trace: 68322979-00a6-4739-92a5-08589b8cda98)
[2025-09-04T14:54:45Z] span_started: event (trace: 68322979-00a6-4739-92a5-08589b8cda98)
[2025-09-04T14:54:45Z] span_started: event (trace: 68322979-00a6-4739-92a5-08589b8cda98)
[2025-09-04T14:54:45Z] performance_measured: event (trace: 68322979-00a6-4739-92a5-08589b8cda98)
[2025-09-04T14:54:45Z] span_ended: event (trace: 68322979-00a6-4739-92a5-08589b8cda98)
[2025-09-04T14:54:45Z] span_ended: event (trace: 68322979-00a6-4739-92a5-08589b8cda98)
[2025-09-04T14:54:45Z] session_ended: event (trace: 68322979-00a6-4739-92a5-08589b8cda98)
[2025-09-04T15:01:35Z] session_started: event (trace: 36efff6b-d3c3-43ec-9c03-7362dcf1a1d4)
[2025-09-04T15:01:35Z] span_started: event (trace: 36efff6b-d3c3-43ec-9c03-7362dcf1a1d4)
[2025-09-04T15:01:35Z] span_started: event (trace: 36efff6b-d3c3-43ec-9c03-7362dcf1a1d4)
[2025-09-04T15:01:39Z] session_started: event (trace: 5bafe3c8-6eb1-494d-bd8d-349a4490023e)
[2025-09-04T15:01:39Z] span_started: event (trace: 5bafe3c8-6eb1-494d-bd8d-349a4490023e)
[2025-09-04T15:01:39Z] span_started: event (trace: 5bafe3c8-6eb1-494d-bd8d-349a4490023e)
[2025-09-04T15:01:39Z] performance_measured: event (trace: 5bafe3c8-6eb1-494d-bd8d-349a4490023e)
[2025-09-04T15:01:39Z] span_ended: event (trace: 5bafe3c8-6eb1-494d-bd8d-349a4490023e)
[2025-09-04T15:01:39Z] span_ended: event (trace: 5bafe3c8-6eb1-494d-bd8d-349a4490023e)
[2025-09-04T15:01:39Z] session_ended: event (trace: 5bafe3c8-6eb1-494d-bd8d-349a4490023e)
[2025-09-04T15:01:42Z] session_started: event (trace: b688ae02-b5c6-4445-aa3a-cb706bbd8be9)
[2025-09-04T15:01:42Z] span_started: event (trace: b688ae02-b5c6-4445-aa3a-cb706bbd8be9)
[2025-09-04T15:01:42Z] span_started: event (trace: b688ae02-b5c6-4445-aa3a-cb706bbd8be9)
[2025-09-04T15:02:31Z] session_started: event (trace: c813f2d1-a1df-4de9-b544-e7cc689b094f)
[2025-09-04T15:02:31Z] span_started: event (trace: c813f2d1-a1df-4de9-b544-e7cc689b094f)
[2025-09-04T15:02:31Z] span_started: event (trace: c813f2d1-a1df-4de9-b544-e7cc689b094f)
[2025-09-04T15:02:31Z] snapshot_create_started: event (trace: c813f2d1-a1df-4de9-b544-e7cc689b094f)
[2025-09-04T15:02:31Z] snapshot_create_completed: event (trace: c813f2d1-a1df-4de9-b544-e7cc689b094f)
[2025-09-04T15:02:31Z] performance_measured: event (trace: c813f2d1-a1df-4de9-b544-e7cc689b094f)
[2025-09-04T15:02:31Z] span_ended: event (trace: c813f2d1-a1df-4de9-b544-e7cc689b094f)
[2025-09-04T15:02:31Z] span_ended: event (trace: c813f2d1-a1df-4de9-b544-e7cc689b094f)
[2025-09-04T15:02:31Z] session_ended: event (trace: c813f2d1-a1df-4de9-b544-e7cc689b094f)
[2025-09-04T15:02:35Z] session_started: event (trace: 7f2113e3-f0ef-41ff-9cff-ce053e5844af)
[2025-09-04T15:02:35Z] span_started: event (trace: 7f2113e3-f0ef-41ff-9cff-ce053e5844af)
[2025-09-04T15:02:35Z] span_started: event (trace: 7f2113e3-f0ef-41ff-9cff-ce053e5844af)
[2025-09-04T15:02:35Z] performance_measured: event (trace: 7f2113e3-f0ef-41ff-9cff-ce053e5844af)
[2025-09-04T15:02:35Z] span_ended: event (trace: 7f2113e3-f0ef-41ff-9cff-ce053e5844af)
[2025-09-04T15:02:35Z] span_ended: event (trace: 7f2113e3-f0ef-41ff-9cff-ce053e5844af)
[2025-09-04T15:02:35Z] session_ended: event (trace: 7f2113e3-f0ef-41ff-9cff-ce053e5844af)
[2025-09-04T15:02:39Z] session_started: event (trace: b9275ad1-0562-40eb-a1ac-0eda1a4f9ce5)
[2025-09-04T15:02:39Z] span_started: event (trace: b9275ad1-0562-40eb-a1ac-0eda1a4f9ce5)
[2025-09-04T15:02:39Z] span_started: event (trace: b9275ad1-0562-40eb-a1ac-0eda1a4f9ce5)
[2025-09-04T15:02:39Z] snapshot_restore_started: event (trace: b9275ad1-0562-40eb-a1ac-0eda1a4f9ce5)
[2025-09-04T15:02:40Z] performance_measured: event (trace: b9275ad1-0562-40eb-a1ac-0eda1a4f9ce5)
[2025-09-04T15:02:40Z] span_ended: event (trace: b9275ad1-0562-40eb-a1ac-0eda1a4f9ce5)
[2025-09-04T15:02:40Z] span_ended: event (trace: b9275ad1-0562-40eb-a1ac-0eda1a4f9ce5)
[2025-09-04T15:02:40Z] session_ended: event (trace: b9275ad1-0562-40eb-a1ac-0eda1a4f9ce5)
[2025-09-04T15:02:43Z] session_started: event (trace: 008e603d-72fe-4560-9bfa-63c028340598)
[2025-09-04T15:02:44Z] span_started: event (trace: 008e603d-72fe-4560-9bfa-63c028340598)
[2025-09-04T15:02:44Z] span_started: event (trace: 008e603d-72fe-4560-9bfa-63c028340598)
[2025-09-04T15:02:44Z] snapshot_create_started: event (trace: 008e603d-72fe-4560-9bfa-63c028340598)
[2025-09-04T15:02:44Z] snapshot_create_completed: event (trace: 008e603d-72fe-4560-9bfa-63c028340598)
[2025-09-04T15:02:44Z] performance_measured: event (trace: 008e603d-72fe-4560-9bfa-63c028340598)
[2025-09-04T15:02:44Z] span_ended: event (trace: 008e603d-72fe-4560-9bfa-63c028340598)
[2025-09-04T15:02:44Z] span_ended: event (trace: 008e603d-72fe-4560-9bfa-63c028340598)
[2025-09-04T15:02:44Z] session_ended: event (trace: 008e603d-72fe-4560-9bfa-63c028340598)
[2025-09-04T15:02:47Z] session_started: event (trace: 97d25bba-7885-43b6-ab0d-d8c5305c5f61)
[2025-09-04T15:02:47Z] span_started: event (trace: 97d25bba-7885-43b6-ab0d-d8c5305c5f61)
[2025-09-04T15:02:47Z] span_started: event (trace: 97d25bba-7885-43b6-ab0d-d8c5305c5f61)
[2025-09-04T15:02:48Z] performance_measured: event (trace: 97d25bba-7885-43b6-ab0d-d8c5305c5f61)
[2025-09-04T15:02:48Z] span_ended: event (trace: 97d25bba-7885-43b6-ab0d-d8c5305c5f61)
[2025-09-04T15:02:48Z] span_ended: event (trace: 97d25bba-7885-43b6-ab0d-d8c5305c5f61)
[2025-09-04T15:02:48Z] session_ended: event (trace: 97d25bba-7885-43b6-ab0d-d8c5305c5f61)
[2025-09-04T15:02:52Z] session_started: event (trace: 7cd9e271-18bf-4b10-bbf3-c34f48c62478)
[2025-09-04T15:02:52Z] span_started: event (trace: 7cd9e271-18bf-4b10-bbf3-c34f48c62478)
[2025-09-04T15:02:52Z] span_started: event (trace: 7cd9e271-18bf-4b10-bbf3-c34f48c62478)
[2025-09-04T15:02:52Z] snapshot_restore_started: event (trace: 7cd9e271-18bf-4b10-bbf3-c34f48c62478)
