Completeness verification passed. Here's the final tally:

```
COMPLETENESS: 14 contracts, 14 assertions, 8 rules, 8 pinch_points -- COMPLETE
```

## 產出物摘要

| 檔案 | 路徑 |
|------|------|
| Final Contracts | `audit/output/final-contracts.md` |
| grep 驗證腳本 | `audit/phase-b/verify-contracts-PaymentsNetworkManager.sh` |
| ast-grep 規則 (8) | `audit/phase-b/rules/*.yml` |

## 合併統計

| 類型 | 數量 | 結果 |
|------|------|------|
| CONFIRM | 5 | 原樣保留 |
| DISPUTE (applied) | 3 | D-003, M-002, E-001 更新了合約內容 |
| DISPUTE (inconclusive) | 4 | N-001, N-002, S-001, C-001 保留 Auditor 版本+加註 |
| ADD (accepted) | 2 | L-001, M-003 加入 |
| ADD (rejected) | 1 | D-004 無有效 filename:line |
| META_ISSUE (applied) | 3 | N-001/E-001/P-001 的 Seam_Type → link |
| META_ISSUE (inconclusive) | 1 | M-002 Seam_Type 保留 none+加註 |

`★ Insight ─────────────────────────────────────`
Adversary 的 42% CONFIRM 率反映了這是一份高品質的對抗性審查。關鍵的合併決策是：**只有當證據直接矛盾時才更新合約**（D-003 的 class 可見性、M-002 的 passthrough 角色），而非因為 Adversary 提出了「更好的觀點」就改動。META_ISSUE 的 Seam_Type 修正（none → link）是最有價值的改善——正確辨識出 callback 邊界是整合測試的關鍵接縫。
`─────────────────────────────────────────────────`
