**COMPLETENESS: 35 contracts, 34 assertions (+ 1 inline negative check), 9 rules, 13 pinch_points -- COMPLETE**

- 35 contracts in `final-contracts.md`, all with Scope, Seam_Type, Pinch_Point metadata
- 35 IDs follow `{Category}-{NNN}` format: M(5), L(5), N(1), E(9), S(4), D(5), C(2), P(4)
- 33 `assert_match` + 1 inline negative assertion (C-002) + 2 documented SKIPs (E-009, S-004 cross-module) = 35 covered
- 9 ast-grep rules for the highest-value contracts

---

## 合併摘要

| 統計 | 數量 |
|------|------|
| 原始合約 (Auditor) | 28 |
| CONFIRM (原樣保留) | 23 |
| DISPUTE (已接受修正) | 7 (M-005, L-003, E-008, E-009, S-004, D-004, P-002) |
| DISPUTE (證據不足，保留原版) | 3 (L-005, S-003, C-002) |
| ADD (新增合約) | 2 (N-001, P-004) |
| META_ISSUE (元資料修正) | 6 (5x Scope, 1x Seam_Type) |
| **最終合約總數** | **35** |

`★ Insight ─────────────────────────────────────`
**合併品質指標**：CONFIRM_RATIO 69.7% 在非 DEGRADED 模式下是健康的——代表 Adversary 提供了實質性的校準而非橡皮圖章。7 個被接受的 DISPUTE 主要集中在 Risk 等級校準（降級 4 個）和描述精確度，核心合約存在性未被推翻。

**Pinch Points 分佈**：13/35 (37%) 合約位於 Pinch Point。四個 CRITICAL 合約（M-004, L-005, D-003, P-001）全部是 Pinch Point——這些是 CI 驗證的最高 ROI 目標。
`─────────────────────────────────────────────────`
